// Jest Snapshot v1, https://goo.gl/fbAQLP

exports[`renders without crashing 1`] = `
<footer
  className="Sitemap"
>
  <nav>
    <ul />
  </nav>
</footer>
`;
