// Jest Snapshot v1, https://goo.gl/fbAQLP

exports[`renders without crashing 1`] = `
<div
  className="Layout-Headbar"
>
  <div
    className="Layout-Headbar__brand"
  >
    <Link
      replace={false}
      to="/"
    >
      Brand
    </Link>
  </div>
  <ul
    className="Layout-Headbar__nav"
  >
    <li>
      <Link
        replace={false}
        to="/quem-somos"
      >
        Quem Somos
      </Link>
    </li>
    <li>
      <Link
        replace={false}
        to="/anunciar"
      >
        Anunciar
      </Link>
    </li>
    <li>
      <Link
        replace={false}
        to="/franquia"
      >
        Franquia
      </Link>
    </li>
    <li>
      <Link
        replace={false}
        to="/contato"
      >
        Contato
      </Link>
    </li>
  </ul>
</div>
`;
