// Jest Snapshot v1, https://goo.gl/fbAQLP

exports[`renders without crashing 1`] = `
<main
  className="Layout"
>
  <header
    className="Layout__HeaderBar"
  >
    <HeaderBar />
  </header>
  <article
    className="Layout__Content"
  >
    <Content />
  </article>
  <footer
    className="Layout__FooterBar"
  >
    <FooterBar />
    <Sitemap />
  </footer>
</main>
`;
