// Jest Snapshot v1, https://goo.gl/fbAQLP

exports[`renders without crashing 1`] = `
<div
  className="Welcome"
>
  <div
    className="Welcome__copy"
  >
    Bem vindo(a) ao melhor cat√°logo comercial do mundo!
  </div>
  <div
    className="Welcome__selector"
  >
    <SelectBox
      name="select-city"
      onChange={[Function]}
      options={Array []}
      placeholder="Selecione uma cidade..."
    />
  </div>
</div>
`;
