// Jest Snapshot v1, https://goo.gl/fbAQLP

exports[`renders without crashing 1`] = `
<div
  className="AdvertiserDetails"
>
  <h1 />
  <p />
  <hr />
  <ul />
  <hr />
  <ul />
</div>
`;
